{"level":"info","time":"2026-08-04T13:12:50Z","message":"Thank you for trying Cloudflare Tunnel. Doing so, without a Cloudflare account, is a quick way to experiment and try it out. However, be aware that these account-less Tunnels have no uptime guarantee, are subject to the Cloudflare Online Services Terms of Use (https://www.cloudflare.com/website-terms/), and Cloudflare reserves the right to investigate your use of Tunnels for violations of such terms. If you intend to use Tunnels in production you should use a pre-created named tunnel by following: https://developers.cloudflare.com/cloudflare-one/connections/connect-apps"}
{"level":"info","time":"2026-08-04T13:12:50Z","message":"Requesting new quick Tunnel on trycloudflare.com..."}
{"level":"info","time":"2026-08-04T13:12:58Z","message":"+--------------------------------------------------------------------------------------------+"}
{"level":"info","time":"2026-08-04T13:12:58Z","message":"|  Your quick Tunnel has been created! Visit it at (it may take some time to be reachable):  |"}
{"level":"info","time":"2026-08-04T13:12:58Z","message":"|  https://wrapped-visits-actress-federal.trycloudflare.com                                  |"}
{"level":"info","time":"2026-08-04T13:12:58Z","message":"+--------------------------------------------------------------------------------------------+"}
{"level":"info","time":"2026-08-04T13:12:58Z","message":"Version 2026.7.3 (Checksum 8635da433b6df8194746e88ed9d2589566c20e38bfc2a80e431a348b7c765841)"}
{"level":"info","time":"2026-08-04T13:12:58Z","message":"GOOS: windows, GOVersion: go1.26.4, GoArch: amd64"}
{"level":"info","time":"2026-08-04T13:12:58Z","message":"Settings: map[cred-file:C:\\Users\\USER\\.cloudflared\\b83d0b4a-c548-4a96-b19d-248181734f51.json credentials-file:C:\\Users\\USER\\.cloudflared\\b83d0b4a-c548-4a96-b19d-248181734f51.json ha-connections:1 logfile:C:\\sgc_proposal_engine\\10-signature\\handler\\cloudflared-debug.log no-autoupdate:true protocol:quic url:http://localhost:8765]"}
{"level":"info","time":"2026-08-04T13:12:58Z","message":"cloudflared will not automatically update on Windows systems."}
{"level":"info","time":"2026-08-04T13:12:58Z","message":"Generated Connector ID: b11856f2-64b0-4878-b374-eec0a172def8"}
{"level":"info","time":"2026-08-04T13:12:58Z","message":"Initial protocol quic"}
{"level":"info","time":"2026-08-04T13:12:58Z","message":"ICMP proxy will use 192.168.1.53 as source for IPv4"}
{"level":"info","time":"2026-08-04T13:12:58Z","message":"ICMP proxy will use fe80::2524:b968:2fff:70dd in zone Wi-Fi as source for IPv6"}
{"level":"info","time":"2026-08-04T13:12:58Z","message":"cloudflared does not support loading the system root certificate pool on Windows. Please use --origin-ca-pool <PATH> to specify the path to the certificate pool"}
{"level":"info","time":"2026-08-04T13:12:58Z","message":"cloudflared does not support loading the system root certificate pool on Windows. Please use --origin-ca-pool <PATH> to specify the path to the certificate pool"}
{"level":"info","time":"2026-08-04T13:12:58Z","message":"ICMP proxy will use 192.168.1.53 as source for IPv4"}
{"level":"info","event":0,"ip":"198.41.200.13","connIndex":0,"time":"2026-08-04T13:12:58Z","message":"Tunnel connection curve preferences: [X25519MLKEM768 CurveID(65074) CurveP256]"}
{"level":"info","time":"2026-08-04T13:12:58Z","message":"ICMP proxy will use fe80::2524:b968:2fff:70dd in zone Wi-Fi as source for IPv6"}
{"level":"info","time":"2026-08-04T13:12:58Z","message":"Starting metrics server on 127.0.0.1:20241/metrics"}
{"level":"info","time":"2026-08-04T13:12:58Z","message":"+-------------------------------------------------------------------------------------+"}
{"level":"info","time":"2026-08-04T13:12:58Z","message":"|                               CONNECTIVITY PRE-CHECKS                               |"}
{"level":"info","time":"2026-08-04T13:12:58Z","message":"+-------------------------------------------------------------------------------------+"}
{"level":"info","time":"2026-08-04T13:12:58Z","message":"|  COMPONENT         TARGET                     STATUS  DETAILS                       |"}
{"level":"info","time":"2026-08-04T13:12:58Z","message":"|  DNS Resolution    region1.v2.argotunnel.com  PASS    DNS Resolved successfully     |"}
{"level":"info","time":"2026-08-04T13:12:58Z","message":"|  DNS Resolution    region2.v2.argotunnel.com  PASS    DNS Resolved successfully     |"}
{"level":"info","time":"2026-08-04T13:12:58Z","message":"|  UDP Connectivity  region1.v2.argotunnel.com  PASS    QUIC connection successful    |"}
{"level":"info","time":"2026-08-04T13:12:58Z","message":"|  UDP Connectivity  region2.v2.argotunnel.com  PASS    QUIC connection successful    |"}
{"level":"info","time":"2026-08-04T13:12:58Z","message":"|  TCP Connectivity  region1.v2.argotunnel.com  PASS    HTTP/2 connection successful  |"}
{"level":"info","time":"2026-08-04T13:12:58Z","message":"|  TCP Connectivity  region2.v2.argotunnel.com  PASS    HTTP/2 connection successful  |"}
{"level":"info","time":"2026-08-04T13:12:58Z","message":"|  Cloudflare API    api.cloudflare.com:443     PASS    API is reachable              |"}
{"level":"info","time":"2026-08-04T13:12:58Z","message":"|                                                                                     |"}
{"level":"info","time":"2026-08-04T13:12:58Z","message":"|  SUMMARY: Environment is healthy. cloudflared will use 'quic' as primary protocol.  |"}
{"level":"info","time":"2026-08-04T13:12:58Z","message":"+-------------------------------------------------------------------------------------+"}
{"level":"info","run_id":"2a273202-dfb3-4052-ab7f-7493b4bc0b59","component":"DNS Resolution","target":"region1.v2.argotunnel.com","status":"pass","details":"DNS Resolved successfully","time":"2026-08-04T13:12:58Z","message":"precheck"}
{"level":"info","run_id":"2a273202-dfb3-4052-ab7f-7493b4bc0b59","component":"DNS Resolution","target":"region2.v2.argotunnel.com","status":"pass","details":"DNS Resolved successfully","time":"2026-08-04T13:12:58Z","message":"precheck"}
{"level":"info","run_id":"2a273202-dfb3-4052-ab7f-7493b4bc0b59","component":"UDP Connectivity","target":"region1.v2.argotunnel.com","status":"pass","details":"QUIC connection successful","time":"2026-08-04T13:12:58Z","message":"precheck"}
{"level":"info","run_id":"2a273202-dfb3-4052-ab7f-7493b4bc0b59","component":"UDP Connectivity","target":"region2.v2.argotunnel.com","status":"pass","details":"QUIC connection successful","time":"2026-08-04T13:12:58Z","message":"precheck"}
{"level":"info","run_id":"2a273202-dfb3-4052-ab7f-7493b4bc0b59","component":"TCP Connectivity","target":"region1.v2.argotunnel.com","status":"pass","details":"HTTP/2 connection successful","time":"2026-08-04T13:12:58Z","message":"precheck"}
{"level":"info","run_id":"2a273202-dfb3-4052-ab7f-7493b4bc0b59","component":"TCP Connectivity","target":"region2.v2.argotunnel.com","status":"pass","details":"HTTP/2 connection successful","time":"2026-08-04T13:12:58Z","message":"precheck"}
{"level":"info","run_id":"2a273202-dfb3-4052-ab7f-7493b4bc0b59","component":"Cloudflare API","target":"api.cloudflare.com:443","status":"pass","details":"API is reachable","time":"2026-08-04T13:12:58Z","message":"precheck"}
{"level":"info","run_id":"2a273202-dfb3-4052-ab7f-7493b4bc0b59","hard_fail":false,"suggested_protocol":"quic","time":"2026-08-04T13:12:58Z","message":"precheck complete"}
{"level":"info","event":0,"connection":"eb9f084a-5026-4a2b-a259-62aa2673ec6f","connIndex":0,"location":"cdg09","ip":"198.41.200.13","protocol":"quic","time":"2026-08-04T13:12:58Z","message":"Registered tunnel connection"}
